Archive member included to satisfy reference by file (symbol)

/opt/st/stm32cubeide_1.15.1/plugins/com.st.stm32cube.ide.mcu.externaltools.gnu-tools-for-stm32.12.3.rel1.linux64_1.0.100.202403111256/tools/bin/../lib/gcc/arm-none-eabi/12.3.1/../../../../arm-none-eabi/lib/thumb/v7e-m+fp/hard/libc_nano.a(libc_a-exit.o)
                              /opt/st/stm32cubeide_1.15.1/plugins/com.st.stm32cube.ide.mcu.externaltools.gnu-tools-for-stm32.12.3.rel1.linux64_1.0.100.202403111256/tools/bin/../lib/gcc/arm-none-eabi/12.3.1/../../../../arm-none-eabi/lib/thumb/v7e-m+fp/hard/crt0.o (exit)
/opt/st/stm32cubeide_1.15.1/plugins/com.st.stm32cube.ide.mcu.externaltools.gnu-tools-for-stm32.12.3.rel1.linux64_1.0.100.202403111256/tools/bin/../lib/gcc/arm-none-eabi/12.3.1/../../../../arm-none-eabi/lib/thumb/v7e-m+fp/hard/libc_nano.a(libc_a-findfp.o)
                              /opt/st/stm32cubeide_1.15.1/plugins/com.st.stm32cube.ide.mcu.externaltools.gnu-tools-for-stm32.12.3.rel1.linux64_1.0.100.202403111256/tools/bin/../lib/gcc/arm-none-eabi/12.3.1/../../../../arm-none-eabi/lib/thumb/v7e-m+fp/hard/libc_nano.a(libc_a-exit.o) (__stdio_exit_handler)
/opt/st/stm32cubeide_1.15.1/plugins/com.st.stm32cube.ide.mcu.externaltools.gnu-tools-for-stm32.12.3.rel1.linux64_1.0.100.202403111256/tools/bin/../lib/gcc/arm-none-eabi/12.3.1/../../../../arm-none-eabi/lib/thumb/v7e-m+fp/hard/libc_nano.a(libc_a-fwalk.o)
                              /opt/st/stm32cubeide_1.15.1/plugins/com.st.stm32cube.ide.mcu.externaltools.gnu-tools-for-stm32.12.3.rel1.linux64_1.0.100.202403111256/tools/bin/../lib/gcc/arm-none-eabi/12.3.1/../../../../arm-none-eabi/lib/thumb/v7e-m+fp/hard/libc_nano.a(libc_a-findfp.o) (_fwalk_sglue)
/opt/st/stm32cubeide_1.15.1/plugins/com.st.stm32cube.ide.mcu.externaltools.gnu-tools-for-stm32.12.3.rel1.linux64_1.0.100.202403111256/tools/bin/../lib/gcc/arm-none-eabi/12.3.1/../../../../arm-none-eabi/lib/thumb/v7e-m+fp/hard/libc_nano.a(libc_a-stdio.o)
                              /opt/st/stm32cubeide_1.15.1/plugins/com.st.stm32cube.ide.mcu.externaltools.gnu-tools-for-stm32.12.3.rel1.linux64_1.0.100.202403111256/tools/bin/../lib/gcc/arm-none-eabi/12.3.1/../../../../arm-none-eabi/lib/thumb/v7e-m+fp/hard/libc_nano.a(libc_a-findfp.o) (__sread)
/opt/st/stm32cubeide_1.15.1/plugins/com.st.stm32cube.ide.mcu.externaltools.gnu-tools-for-stm32.12.3.rel1.linux64_1.0.100.202403111256/tools/bin/../lib/gcc/arm-none-eabi/12.3.1/../../../../arm-none-eabi/lib/thumb/v7e-m+fp/hard/libc_nano.a(libc_a-memset.o)
                              /opt/st/stm32cubeide_1.15.1/plugins/com.st.stm32cube.ide.mcu.externaltools.gnu-tools-for-stm32.12.3.rel1.linux64_1.0.100.202403111256/tools/bin/../lib/gcc/arm-none-eabi/12.3.1/../../../../arm-none-eabi/lib/thumb/v7e-m+fp/hard/crt0.o (memset)
/opt/st/stm32cubeide_1.15.1/plugins/com.st.stm32cube.ide.mcu.externaltools.gnu-tools-for-stm32.12.3.rel1.linux64_1.0.100.202403111256/tools/bin/../lib/gcc/arm-none-eabi/12.3.1/../../../../arm-none-eabi/lib/thumb/v7e-m+fp/hard/libc_nano.a(libc_a-closer.o)
                              /opt/st/stm32cubeide_1.15.1/plugins/com.st.stm32cube.ide.mcu.externaltools.gnu-tools-for-stm32.12.3.rel1.linux64_1.0.100.202403111256/tools/bin/../lib/gcc/arm-none-eabi/12.3.1/../../../../arm-none-eabi/lib/thumb/v7e-m+fp/hard/libc_nano.a(libc_a-stdio.o) (_close_r)
/opt/st/stm32cubeide_1.15.1/plugins/com.st.stm32cube.ide.mcu.externaltools.gnu-tools-for-stm32.12.3.rel1.linux64_1.0.100.202403111256/tools/bin/../lib/gcc/arm-none-eabi/12.3.1/../../../../arm-none-eabi/lib/thumb/v7e-m+fp/hard/libc_nano.a(libc_a-reent.o)
                              /opt/st/stm32cubeide_1.15.1/plugins/com.st.stm32cube.ide.mcu.externaltools.gnu-tools-for-stm32.12.3.rel1.linux64_1.0.100.202403111256/tools/bin/../lib/gcc/arm-none-eabi/12.3.1/../../../../arm-none-eabi/lib/thumb/v7e-m+fp/hard/libc_nano.a(libc_a-closer.o) (errno)
/opt/st/stm32cubeide_1.15.1/plugins/com.st.stm32cube.ide.mcu.externaltools.gnu-tools-for-stm32.12.3.rel1.linux64_1.0.100.202403111256/tools/bin/../lib/gcc/arm-none-eabi/12.3.1/../../../../arm-none-eabi/lib/thumb/v7e-m+fp/hard/libc_nano.a(libc_a-impure.o)
                              /opt/st/stm32cubeide_1.15.1/plugins/com.st.stm32cube.ide.mcu.externaltools.gnu-tools-for-stm32.12.3.rel1.linux64_1.0.100.202403111256/tools/bin/../lib/gcc/arm-none-eabi/12.3.1/../../../../arm-none-eabi/lib/thumb/v7e-m+fp/hard/libc_nano.a(libc_a-reent.o) (_impure_ptr)
/opt/st/stm32cubeide_1.15.1/plugins/com.st.stm32cube.ide.mcu.externaltools.gnu-tools-for-stm32.12.3.rel1.linux64_1.0.100.202403111256/tools/bin/../lib/gcc/arm-none-eabi/12.3.1/../../../../arm-none-eabi/lib/thumb/v7e-m+fp/hard/libc_nano.a(libc_a-lseekr.o)
                              /opt/st/stm32cubeide_1.15.1/plugins/com.st.stm32cube.ide.mcu.externaltools.gnu-tools-for-stm32.12.3.rel1.linux64_1.0.100.202403111256/tools/bin/../lib/gcc/arm-none-eabi/12.3.1/../../../../arm-none-eabi/lib/thumb/v7e-m+fp/hard/libc_nano.a(libc_a-stdio.o) (_lseek_r)
[...]
Memory Configuration

Name             Origin             Length             Attributes
CCMRAM           0x10000000         0x00002000         xrw
RAM              0x20000000         0x0000a000         xrw
FLASH            0x08000000         0x00040000         xr
*default*        0x00000000         0xffffffff

Linker script and memory map

LOAD /opt/st/stm32cubeide_1.15.1/plugins/com.st.stm32cube.ide.mcu.externaltools.gnu-tools-for-stm32.12.3.rel1.linux64_1.0.100.202403111256/tools/bin/../lib/gcc/arm-none-eabi/12.3.1/thumb/v7e-m+fp/hard/crti.o
LOAD /opt/st/stm32cubeide_1.15.1/plugins/com.st.stm32cube.ide.mcu.externaltools.gnu-tools-for-stm32.12.3.rel1.linux64_1.0.100.202403111256/tools/bin/../lib/gcc/arm-none-eabi/12.3.1/thumb/v7e-m+fp/hard/crtbegin.o
LOAD /opt/st/stm32cubeide_1.15.1/plugins/com.st.stm32cube.ide.mcu.externaltools.gnu-tools-for-stm32.12.3.rel1.linux64_1.0.100.202403111256/tools/bin/../lib/gcc/arm-none-eabi/12.3.1/../../../../arm-none-eabi/lib/thumb/v7e-m+fp/hard/crt0.o
LOAD ./Src/acc.o
LOAD ./Src/i2c.o
LOAD ./Src/main.o
LOAD ./Src/syscalls.o
LOAD ./Src/sysmem.o
LOAD ./Src/usart.o
LOAD ./Startup/startup_stm32f303vctx.o
START GROUP
LOAD /opt/st/stm32cubeide_1.15.1/plugins/com.st.stm32cube.ide.mcu.externaltools.gnu-tools-for-stm32.12.3.rel1.linux64_1.0.100.202403111256/tools/bin/../lib/gcc/arm-none-eabi/12.3.1/../../../../arm-none-eabi/lib/thumb/v7e-m+fp/hard/libc_nano.a
LOAD /opt/st/stm32cubeide_1.15.1/plugins/com.st.stm32cube.ide.mcu.externaltools.gnu-tools-for-stm32.12.3.rel1.linux64_1.0.100.202403111256/tools/bin/../lib/gcc/arm-none-eabi/12.3.1/../../../../arm-none-eabi/lib/thumb/v7e-m+fp/hard/libm.a
END GROUP
START GROUP
LOAD /opt/st/stm32cubeide_1.15.1/plugins/com.st.stm32cube.ide.mcu.externaltools.gnu-tools-for-stm32.12.3.rel1.linux64_1.0.100.202403111256/tools/bin/../lib/gcc/arm-none-eabi/12.3.1/thumb/v7e-m+fp/hard/libgcc.a
LOAD /opt/st/stm32cubeide_1.15.1/plugins/com.st.stm32cube.ide.mcu.externaltools.gnu-tools-for-stm32.12.3.rel1.linux64_1.0.100.202403111256/tools/bin/../lib/gcc/arm-none-eabi/12.3.1/../../../../arm-none-eabi/lib/thumb/v7e-m+fp/hard/libc_nano.a
END GROUP
START GROUP
LOAD /opt/st/stm32cubeide_1.15.1/plugins/com.st.stm32cube.ide.mcu.externaltools.gnu-tools-for-stm32.12.3.rel1.linux64_1.0.100.202403111256/tools/bin/../lib/gcc/arm-none-eabi/12.3.1/thumb/v7e-m+fp/hard/libgcc.a
LOAD /opt/st/stm32cubeide_1.15.1/plugins/com.st.stm32cube.ide.mcu.externaltools.gnu-tools-for-stm32.12.3.rel1.linux64_1.0.100.202403111256/tools/bin/../lib/gcc/arm-none-eabi/12.3.1/../../../../arm-none-eabi/lib/thumb/v7e-m+fp/hard/libc_nano.a
LOAD /opt/st/stm32cubeide_1.15.1/plugins/com.st.stm32cube.ide.mcu.externaltools.gnu-tools-for-stm32.12.3.rel1.linux64_1.0.100.202403111256/tools/bin/../lib/gcc/arm-none-eabi/12.3.1/../../../../arm-none-eabi/lib/thumb/v7e-m+fp/hard/libnosys.a
END GROUP
START GROUP
LOAD /opt/st/stm32cubeide_1.15.1/plugins/com.st.stm32cube.ide.mcu.externaltools.gnu-tools-for-stm32.12.3.rel1.linux64_1.0.100.202403111256/tools/bin/../lib/gcc/arm-none-eabi/12.3.1/thumb/v7e-m+fp/hard/libgcc.a
LOAD /opt/st/stm32cubeide_1.15.1/plugins/com.st.stm32cube.ide.mcu.externaltools.gnu-tools-for-stm32.12.3.rel1.linux64_1.0.100.202403111256/tools/bin/../lib/gcc/arm-none-eabi/12.3.1/../../../../arm-none-eabi/lib/thumb/v7e-m+fp/hard/libc_nano.a
LOAD /opt/st/stm32cubeide_1.15.1/plugins/com.st.stm32cube.ide.mcu.externaltools.gnu-tools-for-stm32.12.3.rel1.linux64_1.0.100.202403111256/tools/bin/../lib/gcc/arm-none-eabi/12.3.1/../../../../arm-none-eabi/lib/thumb/v7e-m+fp/hard/libnosys.a
END GROUP
LOAD /opt/st/stm32cubeide_1.15.1/plugins/com.st.stm32cube.ide.mcu.externaltools.gnu-tools-for-stm32.12.3.rel1.linux64_1.0.100.202403111256/tools/bin/../lib/gcc/arm-none-eabi/12.3.1/thumb/v7e-m+fp/hard/crtend.o
LOAD /opt/st/stm32cubeide_1.15.1/plugins/com.st.stm32cube.ide.mcu.externaltools.gnu-tools-for-stm32.12.3.rel1.linux64_1.0.100.202403111256/tools/bin/../lib/gcc/arm-none-eabi/12.3.1/thumb/v7e-m+fp/hard/crtn.o
                0x2000a000                        _estack = (ORIGIN (RAM) + LENGTH (RAM))
                0x00000200                        _Min_Heap_Size = 0x200
                0x00000400                        _Min_Stack_Size = 0x400

.isr_vector     0x08000000      0x194
                0x08000000                        . = ALIGN (0x4)
 *(.isr_vector)
 .isr_vector    0x08000000      0x194 ./Startup/startup_stm32f303vctx.o
                0x08000000                g_pfnVectors
                0x08000194                        . = ALIGN (0x4)

.text           0x08000194      0x374
                0x08000194                        . = ALIGN (0x4)
 *(.text)
 .text          0x08000194       0x40 /opt/st/stm32cubeide_1.15.1/plugins/com.st.stm32cube.ide.mcu.externaltools.gnu-tools-for-stm32.12.3.rel1.linux64_1.0.100.202403111256/tools/bin/../lib/gcc/arm-none-eabi/12.3.1/thumb/v7e-m+fp/hard/crtbegin.o
 *(.text*)
 .text.ACC_Init
                0x080001d4       0x12 ./Src/acc.o
                0x080001d4                ACC_Init
 .text.ACC_Read
                0x080001e6       0x92 ./Src/acc.o
                0x080001e6                ACC_Read
 .text.I2C1_Init
                0x08000278       0x90 ./Src/i2c.o
                0x08000278                I2C1_Init
 .text.I2C1_Write
                0x08000308       0x80 ./Src/i2c.o
                0x08000308                I2C1_Write
 .text.I2C1_Read
                0x08000388       0x8c ./Src/i2c.o
                0x08000388                I2C1_Read
 .text.main     0x08000414       0x40 ./Src/main.o
                0x08000414                main
 .text.Reset_Handler
                0x08000454       0x50 ./Startup/startup_stm32f303vctx.o
                0x08000454                Reset_Handler
 .text.Default_Handler
                0x080004a4        0x2 ./Startup/startup_stm32f303vctx.o
                0x080004a4                TIM8_TRG_COM_IRQHandler
                0x080004a4                TIM8_CC_IRQHandler
                0x080004a4                DebugMon_Handler
                0x080004a4                DMA1_CH4_IRQHandler
                0x080004a4                SPI4_IRQHandler
                0x080004a4                TIM1_CC_IRQHandler
                0x080004a4                HardFault_Handler
                0x080004a4                USB_HP_IRQHandler
                0x080004a4                I2C2_EV_EXTI24_IRQHandler
                0x080004a4                SysTick_Handler
                0x080004a4                USB_WKUP_EXTI_IRQHandler
                0x080004a4                PVD_IRQHandler
                0x080004a4                UART4_EXTI34_IRQHandler
                0x080004a4                TAMP_STAMP_IRQHandler
                0x080004a4                PendSV_Handler
                0x080004a4                NMI_Handler
                0x080004a4                EXTI3_IRQHandler
                0x080004a4                I2C3_ER_IRQHandler
                0x080004a4                TIM6_DACUNDER_IRQHandler
                0x080004a4                USB_HP_CAN_TX_IRQHandler
                0x080004a4                EXTI0_IRQHandler
                0x080004a4                DMA2_CH1_IRQHandler
                0x080004a4                TIM1_UP_TIM16_IRQHandler
                0x080004a4                UsageFault_Handler
                0x080004a4                ADC1_2_IRQHandler
                0x080004a4                SPI1_IRQHandler
                0x080004a4                CAN_SCE_IRQHandler
                0x080004a4                DMA1_CH7_IRQHandler
                0x080004a4                TIM8_UP_IRQHandler
                0x080004a4                COMP456_IRQHandler
                0x080004a4                DMA1_CH6_IRQHandler
                0x080004a4                TIM20_TRG_COM_IRQHandler
                0x080004a4                ADC3_IRQHandler
                0x080004a4                TIM4_IRQHandler
                0x080004a4                CAN_RX1_IRQHandler
                0x080004a4                USART1_EXTI25_IRQHandler
                0x080004a4                DMA2_CH5_IRQHandler
                0x080004a4                I2C1_EV_EXTI23_IRQHandler
                0x080004a4                DMA1_CH3_IRQHandler
                0x080004a4                TIM3_IRQHandler
                0x080004a4                RCC_IRQHandler
                0x080004a4                TIM20_UP_IRQHandler
                0x080004a4                Default_Handler
                0x080004a4                EXTI15_10_IRQHandler
                0x080004a4                USART2_EXTI26_IRQHandler
                0x080004a4                USART3_EXTI28_IRQHandler
                0x080004a4                TIM7_IRQHandler
                0x080004a4                I2C3_EV_IRQHandler
                0x080004a4                EXTI9_5_IRQHandler
                0x080004a4                DMA1_CH2_IRQHandler
                0x080004a4                RTC_WKUP_IRQHandler
                0x080004a4                SPI2_IRQHandler
                0x080004a4                DMA1_CH1_IRQHandler
                0x080004a4                USB_LP_CAN_RX0_IRQHandler
                0x080004a4                MemManage_Handler
                0x080004a4                COMP123_IRQHandler
                0x080004a4                SVC_Handler
                0x080004a4                USB_LP_IRQHandler
                0x080004a4                EXTI4_IRQHandler
                0x080004a4                TIM1_TRG_COM_TIM17_IRQHandler
                0x080004a4                ADC4_IRQHandler
                0x080004a4                WWDG_IRQHandler
                0x080004a4                TIM2_IRQHandler
                0x080004a4                COMP7_IRQHandler
                0x080004a4                EXTI1_IRQHandler
                0x080004a4                RTCAlarm_IRQHandler
                0x080004a4                UART5_EXTI35_IRQHandler
                0x080004a4                TIM20_BRK_IRQHandler
                0x080004a4                I2C2_ER_IRQHandler
                0x080004a4                TIM8_BRK_IRQHandler
                0x080004a4                FLASH_IRQHandler
                0x080004a4                TIM20_CC_IRQHandler
                0x080004a4                BusFault_Handler
                0x080004a4                SPI3_IRQHandler
                0x080004a4                DMA2_CH3_IRQHandler
                0x080004a4                DMA2_CH2_IRQHandler
                0x080004a4                I2C1_ER_IRQHandler
                0x080004a4                FMC_IRQHandler
                0x080004a4                DMA1_CH5_IRQHandler
                0x080004a4                DMA2_CH4_IRQHandler
                0x080004a4                USB_WKUP_IRQHandler
                0x080004a4                EXTI2_TSC_IRQHandler
                0x080004a4                TIM1_BRK_TIM15_IRQHandler
 *fill*         0x080004a6        0x2 
 .text.__libc_init_array
                0x080004a8       0x48 /opt/st/stm32cubeide_1.15.1/plugins/com.st.stm32cube.ide.mcu.externaltools.gnu-tools-for-stm32.12.3.rel1.linux64_1.0.100.202403111256/tools/bin/../lib/gcc/arm-none-eabi/12.3.1/../../../../arm-none-eabi/lib/thumb/v7e-m+fp/hard/libc_nano.a(libc_a-init.o)
                0x080004a8                __libc_init_array
 *(.glue_7)
 .glue_7        0x080004f0        0x0 linker stubs
 *(.glue_7t)
 .glue_7t       0x080004f0        0x0 linker stubs
 *(.eh_frame)
 .eh_frame      0x080004f0        0x0 /opt/st/stm32cubeide_1.15.1/plugins/com.st.stm32cube.ide.mcu.externaltools.gnu-tools-for-stm32.12.3.rel1.linux64_1.0.100.202403111256/tools/bin/../lib/gcc/arm-none-eabi/12.3.1/thumb/v7e-m+fp/hard/crtbegin.o
 *(.init)
 .init          0x080004f0        0x4 /opt/st/stm32cubeide_1.15.1/plugins/com.st.stm32cube.ide.mcu.externaltools.gnu-tools-for-stm32.12.3.rel1.linux64_1.0.100.202403111256/tools/bin/../lib/gcc/arm-none-eabi/12.3.1/thumb/v7e-m+fp/hard/crti.o
                0x080004f0                _init
 .init          0x080004f4        0x8 /opt/st/stm32cubeide_1.15.1/plugins/com.st.stm32cube.ide.mcu.externaltools.gnu-tools-for-stm32.12.3.rel1.linux64_1.0.100.202403111256/tools/bin/../lib/gcc/arm-none-eabi/12.3.1/thumb/v7e-m+fp/hard/crtn.o
 *(.fini)
 .fini          0x080004fc        0x4 /opt/st/stm32cubeide_1.15.1/plugins/com.st.stm32cube.ide.mcu.externaltools.gnu-tools-for-stm32.12.3.rel1.linux64_1.0.100.202403111256/tools/bin/../lib/gcc/arm-none-eabi/12.3.1/thumb/v7e-m+fp/hard/crti.o
                0x080004fc                _fini
 .fini          0x08000500        0x8 /opt/st/stm32cubeide_1.15.1/plugins/com.st.stm32cube.ide.mcu.externaltools.gnu-tools-for-stm32.12.3.rel1.linux64_1.0.100.202403111256/tools/bin/../lib/gcc/arm-none-eabi/12.3.1/thumb/v7e-m+fp/hard/crtn.o
                0x08000508                        . = ALIGN (0x4)
                0x08000508                        _etext = .

.vfp11_veneer   0x08000508        0x0
 .vfp11_veneer  0x08000508        0x0 linker stubs

.v4_bx          0x08000508        0x0
 .v4_bx         0x08000508        0x0 linker stubs

.iplt           0x08000508        0x0
 .iplt          0x08000508        0x0 /opt/st/stm32cubeide_1.15.1/plugins/com.st.stm32cube.ide.mcu.externaltools.gnu-tools-for-stm32.12.3.rel1.linux64_1.0.100.202403111256/tools/bin/../lib/gcc/arm-none-eabi/12.3.1/thumb/v7e-m+fp/hard/crtbegin.o

.rodata         0x08000508        0x0
                0x08000508                        . = ALIGN (0x4)
 *(.rodata)
 *(.rodata*)
                0x08000508                        . = ALIGN (0x4)

.ARM.extab      0x08000508        0x0
                0x08000508                        . = ALIGN (0x4)
 *(.ARM.extab* .gnu.linkonce.armextab.*)
                0x08000508                        . = ALIGN (0x4)

.ARM            0x08000508        0x0
                0x08000508                        . = ALIGN (0x4)
                0x08000508                        __exidx_start = .
 *(.ARM.exidx*)
                0x08000508                        __exidx_end = .
                0x08000508                        . = ALIGN (0x4)

.preinit_array  0x08000508        0x0
                0x08000508                        . = ALIGN (0x4)
                0x08000508                        PROVIDE (__preinit_array_start = .)
 *(.preinit_array*)
                0x08000508                        PROVIDE (__preinit_array_end = .)
                0x08000508                        . = ALIGN (0x4)

.init_array     0x08000508        0x4
                0x08000508                        . = ALIGN (0x4)
                0x08000508                        PROVIDE (__init_array_start = .)
 *(SORT_BY_NAME(.init_array.*))
 *(.init_array*)
 .init_array    0x08000508        0x4 /opt/st/stm32cubeide_1.15.1/plugins/com.st.stm32cube.ide.mcu.externaltools.gnu-tools-for-stm32.12.3.rel1.linux64_1.0.100.202403111256/tools/bin/../lib/gcc/arm-none-eabi/12.3.1/thumb/v7e-m+fp/hard/crtbegin.o
                0x0800050c                        PROVIDE (__init_array_end = .)
                0x0800050c                        . = ALIGN (0x4)

.fini_array     0x0800050c        0x4
                0x0800050c                        . = ALIGN (0x4)
                [!provide]                        PROVIDE (__fini_array_start = .)
 *(SORT_BY_NAME(.fini_array.*))
 *(.fini_array*)
 .fini_array    0x0800050c        0x4 /opt/st/stm32cubeide_1.15.1/plugins/com.st.stm32cube.ide.mcu.externaltools.gnu-tools-for-stm32.12.3.rel1.linux64_1.0.100.202403111256/tools/bin/../lib/gcc/arm-none-eabi/12.3.1/thumb/v7e-m+fp/hard/crtbegin.o
                [!provide]                        PROVIDE (__fini_array_end = .)
                0x08000510                        . = ALIGN (0x4)
                0x08000510                        _sidata = LOADADDR (.data)

.rel.dyn        0x08000510        0x0
 .rel.iplt      0x08000510        0x0 /opt/st/stm32cubeide_1.15.1/plugins/com.st.stm32cube.ide.mcu.externaltools.gnu-tools-for-stm32.12.3.rel1.linux64_1.0.100.202403111256/tools/bin/../lib/gcc/arm-none-eabi/12.3.1/thumb/v7e-m+fp/hard/crtbegin.o

.data           0x20000000        0x0 load address 0x08000510
                0x20000000                        . = ALIGN (0x4)
                0x20000000                        _sdata = .
 *(.data)
 *(.data*)
 *(.RamFunc)
 *(.RamFunc*)
                0x20000000                        . = ALIGN (0x4)
                0x20000000                        _edata = .
                0x08000510                        _siccmram = LOADADDR (.ccmram)

.igot.plt       0x20000000        0x0 load address 0x08000510
 .igot.plt      0x20000000        0x0 /opt/st/stm32cubeide_1.15.1/plugins/com.st.stm32cube.ide.mcu.externaltools.gnu-tools-for-stm32.12.3.rel1.linux64_1.0.100.202403111256/tools/bin/../lib/gcc/arm-none-eabi/12.3.1/thumb/v7e-m+fp/hard/crtbegin.o

.ccmram         0x10000000        0x0 load address 0x08000510
                0x10000000                        . = ALIGN (0x4)
                0x10000000                        _sccmram = .
 *(.ccmram)
 *(.ccmram*)
                0x10000000                        . = ALIGN (0x4)
                0x10000000                        _eccmram = .
                0x10000000                        . = ALIGN (0x4)

.bss            0x20000000       0x24
                0x20000000                        _sbss = .
                0x20000000                        __bss_start__ = _sbss
 *(.bss)
 .bss           0x20000000       0x1c /opt/st/stm32cubeide_1.15.1/plugins/com.st.stm32cube.ide.mcu.externaltools.gnu-tools-for-stm32.12.3.rel1.linux64_1.0.100.202403111256/tools/bin/../lib/gcc/arm-none-eabi/12.3.1/thumb/v7e-m+fp/hard/crtbegin.o
 *(.bss*)
 .bss.acc_x     0x2000001c        0x2 ./Src/main.o
                0x2000001c                acc_x
 .bss.acc_y     0x2000001e        0x2 ./Src/main.o
                0x2000001e                acc_y
 .bss.acc_z     0x20000020        0x2 ./Src/main.o
                0x20000020                acc_z
 *(COMMON)
                0x20000024                        . = ALIGN (0x4)
 *fill*         0x20000022        0x2 
                0x20000024                        _ebss = .
                0x20000024                        __bss_end__ = _ebss

._user_heap_stack
                0x20000024      0x604
                0x20000028                        . = ALIGN (0x8)
 *fill*         0x20000024        0x4 
                [!provide]                        PROVIDE (end = .)
                0x20000028                        PROVIDE (_end = .)
                0x20000228                        . = (. + _Min_Heap_Size)
 *fill*         0x20000028      0x200 
                0x20000628                        . = (. + _Min_Stack_Size)
 *fill*         0x20000228      0x400 
                0x20000628                        . = ALIGN (0x8)

/DISCARD/
 libc.a(*)
 libm.a(*)
 libgcc.a(*)

.ARM.attributes
                0x00000000       0x30
 *(.ARM.attributes)
 .ARM.attributes
                0x00000000       0x22 /opt/st/stm32cubeide_1.15.1/plugins/com.st.stm32cube.ide.mcu.externaltools.gnu-tools-for-stm32.12.3.rel1.linux64_1.0.100.202403111256/tools/bin/../lib/gcc/arm-none-eabi/12.3.1/thumb/v7e-m+fp/hard/crti.o
 .ARM.attributes
                0x00000022       0x34 /opt/st/stm32cubeide_1.15.1/plugins/com.st.stm32cube.ide.mcu.externaltools.gnu-tools-for-stm32.12.3.rel1.linux64_1.0.100.202403111256/tools/bin/../lib/gcc/arm-none-eabi/12.3.1/thumb/v7e-m+fp/hard/crtbegin.o
 .ARM.attributes
                0x00000056       0x34 ./Src/acc.o
 .ARM.attributes
                0x0000008a       0x34 ./Src/i2c.o
 .ARM.attributes
                0x000000be       0x34 ./Src/main.o
 .ARM.attributes
                0x000000f2       0x21 ./Startup/startup_stm32f303vctx.o
 .ARM.attributes
                0x00000113       0x34 /opt/st/stm32cubeide_1.15.1/plugins/com.st.stm32cube.ide.mcu.externaltools.gnu-tools-for-stm32.12.3.rel1.linux64_1.0.100.202403111256/tools/bin/../lib/gcc/arm-none-eabi/12.3.1/../../../../arm-none-eabi/lib/thumb/v7e-m+fp/hard/libc_nano.a(libc_a-init.o)
 .ARM.attributes
                0x00000147       0x22 /opt/st/stm32cubeide_1.15.1/plugins/com.st.stm32cube.ide.mcu.externaltools.gnu-tools-for-stm32.12.3.rel1.linux64_1.0.100.202403111256/tools/bin/../lib/gcc/arm-none-eabi/12.3.1/thumb/v7e-m+fp/hard/crtn.o
OUTPUT(8.1_I2C_accelero.elf elf32-littlearm)
LOAD linker stubs
LOAD /opt/st/stm32cubeide_1.15.1/plugins/com.st.stm32cube.ide.mcu.externaltools.gnu-tools-for-stm32.12.3.rel1.linux64_1.0.100.202403111256/tools/bin/../lib/gcc/arm-none-eabi/12.3.1/../../../../arm-none-eabi/lib/thumb/v7e-m+fp/hard/libc.a
LOAD /opt/st/stm32cubeide_1.15.1/plugins/com.st.stm32cube.ide.mcu.externaltools.gnu-tools-for-stm32.12.3.rel1.linux64_1.0.100.202403111256/tools/bin/../lib/gcc/arm-none-eabi/12.3.1/../../../../arm-none-eabi/lib/thumb/v7e-m+fp/hard/libm.a
LOAD /opt/st/stm32cubeide_1.15.1/plugins/com.st.stm32cube.ide.mcu.externaltools.gnu-tools-for-stm32.12.3.rel1.linux64_1.0.100.202403111256/tools/bin/../lib/gcc/arm-none-eabi/12.3.1/thumb/v7e-m+fp/hard/libgcc.a

.debug_info     0x00000000      0x5e6
 .debug_info    0x00000000      0x170 ./Src/acc.o
 .debug_info    0x00000170      0x32a ./Src/i2c.o
 .debug_info    0x0000049a      0x11c ./Src/main.o
 .debug_info    0x000005b6       0x30 ./Startup/startup_stm32f303vctx.o

.debug_abbrev   0x00000000      0x2c9
 .debug_abbrev  0x00000000       0xd1 ./Src/acc.o
 .debug_abbrev  0x000000d1      0x10f ./Src/i2c.o
 .debug_abbrev  0x000001e0       0xc5 ./Src/main.o
 .debug_abbrev  0x000002a5       0x24 ./Startup/startup_stm32f303vctx.o

.debug_aranges  0x00000000       0xa0
 .debug_aranges
                0x00000000       0x28 ./Src/acc.o
 .debug_aranges
                0x00000028       0x30 ./Src/i2c.o
 .debug_aranges
                0x00000058       0x20 ./Src/main.o
 .debug_aranges
                0x00000078       0x28 ./Startup/startup_stm32f303vctx.o

.debug_rnglists
                0x00000000       0x68
 .debug_rnglists
                0x00000000       0x1a ./Src/acc.o
 .debug_rnglists
                0x0000001a       0x22 ./Src/i2c.o
 .debug_rnglists
                0x0000003c       0x13 ./Src/main.o
 .debug_rnglists
                0x0000004f       0x19 ./Startup/startup_stm32f303vctx.o

.debug_macro    0x00000000    0x14ede
 .debug_macro   0x00000000       0xe8 ./Src/acc.o
 .debug_macro   0x000000e8      0xac6 ./Src/acc.o
 .debug_macro   0x00000bae       0x28 ./Src/acc.o
 .debug_macro   0x00000bd6       0x28 ./Src/acc.o
 .debug_macro   0x00000bfe       0x22 ./Src/acc.o
 .debug_macro   0x00000c20       0x8e ./Src/acc.o
 .debug_macro   0x00000cae       0x51 ./Src/acc.o
 .debug_macro   0x00000cff      0x103 ./Src/acc.o
 .debug_macro   0x00000e02       0x6a ./Src/acc.o
 .debug_macro   0x00000e6c      0x1df ./Src/acc.o
 .debug_macro   0x0000104b       0x1c ./Src/acc.o
 .debug_macro   0x00001067       0x22 ./Src/acc.o
 .debug_macro   0x00001089       0xd9 ./Src/acc.o
 .debug_macro   0x00001162     0x102d ./Src/acc.o
 .debug_macro   0x0000218f      0x11f ./Src/acc.o
 .debug_macro   0x000022ae    0x12a33 ./Src/acc.o
 .debug_macro   0x00014ce1       0x43 ./Src/acc.o
 .debug_macro   0x00014d24       0xd8 ./Src/i2c.o
 .debug_macro   0x00014dfc       0xe2 ./Src/main.o

.debug_line     0x00000000      0xf96
 .debug_line    0x00000000      0x4ad ./Src/acc.o
 .debug_line    0x000004ad      0x5df ./Src/i2c.o
 .debug_line    0x00000a8c      0x48f ./Src/main.o
 .debug_line    0x00000f1b       0x7b ./Startup/startup_stm32f303vctx.o

.debug_str      0x00000000    0x72586
 .debug_str     0x00000000    0x723f9 ./Src/acc.o
                              0x72564 (size before relaxing)
 .debug_str     0x000723f9       0xf2 ./Src/i2c.o
                              0x72611 (size before relaxing)
 .debug_str     0x000724eb       0x25 ./Src/main.o
                              0x7254a (size before relaxing)
 .debug_str     0x00072510       0x76 ./Startup/startup_stm32f303vctx.o

.comment        0x00000000       0x43
 .comment       0x00000000       0x43 ./Src/acc.o
                                 0x44 (size before relaxing)
 .comment       0x00000043       0x44 ./Src/i2c.o
 .comment       0x00000043       0x44 ./Src/main.o

.debug_frame    0x00000000      0x12c
 .debug_frame   0x00000000       0x50 ./Src/acc.o
 .debug_frame   0x00000050       0x80 ./Src/i2c.o
 .debug_frame   0x000000d0       0x30 ./Src/main.o
 .debug_frame   0x00000100       0x2c /opt/st/stm32cubeide_1.15.1/plugins/com.st.stm32cube.ide.mcu.externaltools.gnu-tools-for-stm32.12.3.rel1.linux64_1.0.100.202403111256/tools/bin/../lib/gcc/arm-none-eabi/12.3.1/../../../../arm-none-eabi/lib/thumb/v7e-m+fp/hard/libc_nano.a(libc_a-init.o)

.debug_line_str
                0x00000000       0x5a
 .debug_line_str
                0x00000000       0x5a ./Startup/startup_stm32f303vctx.o
